Resolving dependencies...
Downloading packages...
  google_fonts 6.3.3 (8.1.0 available)
  matcher 0.12.19 (0.12.20 available)
  meta 1.17.0 (1.18.2 available)
  native_toolchain_c 0.17.6 (0.18.0 available)
  rx 0.4.0 (0.5.0 available)
  test_api 0.7.10 (0.7.12 available)
  vector_math 2.2.0 (2.3.0 available)
  vm_service 15.1.0 (15.2.0 available)
Got dependencies!
8 packages have newer versions incompatible with dependency constraints.
Try `flutter pub outdated` for more information.
00:00 +0: loading C:/Users/s2230/.gemini/antigravity/scratch/ai-pet-communication/test/screens/pets/pet_detail_screen_test.dart
00:00 +0: Displays Empty State when no readings are found
????EXCEPTION CAUGHT BY WIDGETS LIBRARY ????????????????????????????????????????????????????????????
The following FirebaseException was thrown building Builder:
[core/no-app] No Firebase App '[DEFAULT]' has been created - call Firebase.initializeApp()

The relevant error-causing widget was:
  MaterialApp
  MaterialApp:file:///C:/Users/s2230/.gemini/antigravity/scratch/ai-pet-communication/test/screens/pets/pet_detail_screen_test.dart:16:12

When the exception was thrown, this was the stack:
#0      MethodChannelFirebase.app (package:firebase_core_platform_interface/src/method_channel/method_channel_firebase.dart:190:5)
#1      Firebase.app (package:firebase_core/src/firebase.dart:92:41)
#2      FirebaseFirestore.instance (package:cloud_firestore/src/firestore.dart:29:21)
#3      new PetService (package:ai_pet_communication/services/pet_service.dart:7:51)
#4      new _PetDetailScreenState (package:ai_pet_communication/screens/pets/pet_detail_screen.dart:29:34)
#5      PetDetailScreen.createState (package:ai_pet_communication/screens/pets/pet_detail_screen.dart:24:43)
#6      new StatefulElement (package:flutter/src/widgets/framework.dart:5902:60)
#7      StatefulWidget.createElement (package:flutter/src/widgets/framework.dart:779:38)
...     Normal element mounting (260 frames)
#267    Element.inflateWidget (package:flutter/src/widgets/framework.dart:4587:20)
#268    MultiChildRenderObjectElement.inflateWidget (package:flutter/src/widgets/framework.dart:7264:36)
#269    MultiChildRenderObjectElement.mount (package:flutter/src/widgets/framework.dart:7279:32)
...     Normal element mounting (467 frames)
#736    Element.inflateWidget (package:flutter/src/widgets/framework.dart:4587:20)
#737    Element.updateChild (package:flutter/src/widgets/framework.dart:4053:20)
#738    ComponentElement.performRebuild (package:flutter/src/widgets/framework.dart:5841:16)
#739    Element.rebuild (package:flutter/src/widgets/framework.dart:5529:7)
#740    ProxyElement.update (package:flutter/src/widgets/framework.dart:6149:5)
#741    _InheritedNotifierElement.update (package:flutter/src/widgets/inherited_notifier.dart:108:11)
#742    Element.updateChild (package:flutter/src/widgets/framework.dart:4037:15)
#743    ComponentElement.performRebuild (package:flutter/src/widgets/framework.dart:5841:16)
#744    StatefulElement.performRebuild (package:flutter/src/widgets/framework.dart:5982:11)
#745    Element.rebuild (package:flutter/src/widgets/framework.dart:5529:7)
#746    StatefulElement.update (package:flutter/src/widgets/framework.dart:6007:5)
#747    Element.updateChild (package:flutter/src/widgets/framework.dart:4037:15)
#748    ComponentElement.performRebuild (package:flutter/src/widgets/framework.dart:5841:16)
#749    Element.rebuild (package:flutter/src/widgets/framework.dart:5529:7)
#750    ProxyElement.update (package:flutter/src/widgets/framework.dart:6149:5)
#751    _InheritedNotifierElement.update (package:flutter/src/widgets/inherited_notifier.dart:108:11)
#752    Element.updateChild (package:flutter/src/widgets/framework.dart:4037:15)
#753    ComponentElement.performRebuild (package:flutter/src/widgets/framework.dart:5841:16)
#754    StatefulElement.performRebuild (package:flutter/src/widgets/framework.dart:5982:11)
#755    Element.rebuild (package:flutter/src/widgets/framework.dart:5529:7)
#756    StatefulElement.update (package:flutter/src/widgets/framework.dart:6007:5)
#757    Element.updateChild (package:flutter/src/widgets/framework.dart:4037:15)
#758    ComponentElement.performRebuild (package:flutter/src/widgets/framework.dart:5841:16)
#759    StatefulElement.performRebuild (package:flutter/src/widgets/framework.dart:5982:11)
#760    Element.rebuild (package:flutter/src/widgets/framework.dart:5529:7)
#761    StatefulElement.update (package:flutter/src/widgets/framework.dart:6007:5)
#762    Element.updateChild (package:flutter/src/widgets/framework.dart:4037:15)
#763    ComponentElement.performRebuild (package:flutter/src/widgets/framework.dart:5841:16)
#764    Element.rebuild (package:flutter/src/widgets/framework.dart:5529:7)
#765    ProxyElement.update (package:flutter/src/widgets/framework.dart:6149:5)
#766    Element.updateChild (package:flutter/src/widgets/framework.dart:4037:15)
#767    ComponentElement.performRebuild (package:flutter/src/widgets/framework.dart:5841:16)
#768    StatefulElement.performRebuild (package:flutter/src/widgets/framework.dart:5982:11)
#769    Element.rebuild (package:flutter/src/widgets/framework.dart:5529:7)
#770    StatefulElement.update (package:flutter/src/widgets/framework.dart:6007:5)
#771    Element.updateChild (package:flutter/src/widgets/framework.dart:4037:15)
#772    ComponentElement.performRebuild (package:flutter/src/widgets/framework.dart:5841:16)
#773    Element.rebuild (package:flutter/src/widgets/framework.dart:5529:7)
#774    ProxyElement.update (package:flutter/src/widgets/framework.dart:6149:5)
#775    Element.updateChild (package:flutter/src/widgets/framework.dart:4037:15)
#776    ComponentElement.performRebuild (package:flutter/src/widgets/framework.dart:5841:16)
#777    Element.rebuild (package:flutter/src/widgets/framework.dart:5529:7)
#778    ProxyElement.update (package:flutter/src/widgets/framework.dart:6149:5)
#779    Element.updateChild (package:flutter/src/widgets/framework.dart:4037:15)
#780    _RawViewElement._updateChild (package:flutter/src/widgets/view.dart:481:16)
#781    _RawViewElement.update (package:flutter/src/widgets/view.dart:568:5)
#782    Element.updateChild (package:flutter/src/widgets/framework.dart:4037:15)
#783    ComponentElement.performRebuild (package:flutter/src/widgets/framework.dart:5841:16)
#784    Element.rebuild (package:flutter/src/widgets/framework.dart:5529:7)
#785    StatelessElement.update (package:flutter/src/widgets/framework.dart:5895:5)
#786    Element.updateChild (package:flutter/src/widgets/framework.dart:4037:15)
#787    ComponentElement.performRebuild (package:flutter/src/widgets/framework.dart:5841:16)
#788    StatefulElement.performRebuild (package:flutter/src/widgets/framework.dart:5982:11)
#789    Element.rebuild (package:flutter/src/widgets/framework.dart:5529:7)
#790    StatefulElement.update (package:flutter/src/widgets/framework.dart:6007:5)
#791    Element.updateChild (package:flutter/src/widgets/framework.dart:4037:15)
#792    RootElement._rebuild (package:flutter/src/widgets/binding.dart:1822:16)
#793    RootElement.update (package:flutter/src/widgets/binding.dart:1800:5)
#794    RootElement.performRebuild (package:flutter/src/widgets/binding.dart:1814:7)
#795    Element.rebuild (package:flutter/src/widgets/framework.dart:5529:7)
#796    BuildScope._tryRebuild (package:flutter/src/widgets/framework.dart:2750:15)
#797    BuildScope._flushDirtyElements (package:flutter/src/widgets/framework.dart:2807:11)
#798    BuildOwner.buildScope (package:flutter/src/widgets/framework.dart:3111:18)
#799    AutomatedTestWidgetsFlutterBinding.drawFrame (package:flutter_test/src/binding.dart:2131:19)
#800    RendererBinding._handlePersistentFrameCallback (package:flutter/src/rendering/binding.dart:495:5)
#801    SchedulerBinding._invokeFrameCallback (package:flutter/src/scheduler/binding.dart:1430:15)
#802    SchedulerBinding.handleDrawFrame (package:flutter/src/scheduler/binding.dart:1345:9)
#803    AutomatedTestWidgetsFlutterBinding.pump.<anonymous closure> (package:flutter_test/src/binding.dart:1960:9)
#806    TestAsyncUtils.guard (package:flutter_test/src/test_async_utils.dart:74:41)
#807    AutomatedTestWidgetsFlutterBinding.pump (package:flutter_test/src/binding.dart:1949:27)
#808    WidgetTester.pumpWidget.<anonymous closure> (package:flutter_test/src/widget_tester.dart:598:22)
#811    TestAsyncUtils.guard (package:flutter_test/src/test_async_utils.dart:74:41)
#812    WidgetTester.pumpWidget (package:flutter_test/src/widget_tester.dart:595:27)
#813    main.<anonymous closure> (file:///C:/Users/s2230/.gemini/antigravity/scratch/ai-pet-communication/test/screens/pets/pet_detail_screen_test.dart:35:18)
#814    testWidgets.<anonymous closure>.<anonymous closure> (package:flutter_test/src/widget_tester.dart:192:29)
<asynchronous suspension>
#815    TestWidgetsFlutterBinding._runTestBody (package:flutter_test/src/binding.dart:1682:5)
<asynchronous suspension>
<asynchronous suspension>
(elided 5 frames from dart:async and package:stack_trace)

????????????????????????????????????????????????????????????????????????????????????????????????????
????EXCEPTION CAUGHT BY FLUTTER TEST FRAMEWORK ??????????????????????????????????????????????????????The following TestFailure was thrown running a test:
Expected: exactly one matching candidate
  Actual: _TextWidgetFinder:<Found 0 widgets with text "撠皞???: []>
   Which: means none were found but one was expected

When the exception was thrown, this was the stack:
#4      main.<anonymous closure> (file:///C:/Users/s2230/.gemini/antigravity/scratch/ai-pet-communication/test/screens/pets/pet_detail_screen_test.dart:38:5)
<asynchronous suspension>
#5      testWidgets.<anonymous closure>.<anonymous closure> (package:flutter_test/src/widget_tester.dart:192:15)
<asynchronous suspension>
#6      TestWidgetsFlutterBinding._runTestBody (package:flutter_test/src/binding.dart:1682:5)
<asynchronous suspension>
<asynchronous suspension>
(elided one frame from package:stack_trace)

This was caught by the test expectation on the following line:
  file:///C:/Users/s2230/.gemini/antigravity/scratch/ai-pet-communication/test/screens/pets/pet_detail_screen_test.dart line 38
The test description was:
  Displays Empty State when no readings are found
????????????????????????????????????????????????????????????????????????????????????????????????????
????EXCEPTION CAUGHT BY FLUTTER TEST FRAMEWORK ??????????????????????????????????????????????????????The following message was thrown:
Multiple exceptions (2) were detected during the running of the current test, and at least one was
unexpected.
????????????????????????????????????????????????????????????????????????????????????????????????????
00:00 +0 -1: Displays Empty State when no readings are found [E]
  Test failed. See exception logs above.
  The test description was: Displays Empty State when no readings are found
  
00:00 +0 -1: Displays ReadingListTile when readings exist
????EXCEPTION CAUGHT BY WIDGETS LIBRARY ????????????????????????????????????????????????????????????
The following FirebaseException was thrown building Builder:
[core/no-app] No Firebase App '[DEFAULT]' has been created - call Firebase.initializeApp()

The relevant error-causing widget was:
  MaterialApp
  MaterialApp:file:///C:/Users/s2230/.gemini/antigravity/scratch/ai-pet-communication/test/screens/pets/pet_detail_screen_test.dart:16:12

When the exception was thrown, this was the stack:
#0      MethodChannelFirebase.app (package:firebase_core_platform_interface/src/method_channel/method_channel_firebase.dart:190:5)
#1      Firebase.app (package:firebase_core/src/firebase.dart:92:41)
#2      FirebaseFirestore.instance (package:cloud_firestore/src/firestore.dart:29:21)
#3      new PetService (package:ai_pet_communication/services/pet_service.dart:7:51)
#4      new _PetDetailScreenState (package:ai_pet_communication/screens/pets/pet_detail_screen.dart:29:34)
#5      PetDetailScreen.createState (package:ai_pet_communication/screens/pets/pet_detail_screen.dart:24:43)
#6      new StatefulElement (package:flutter/src/widgets/framework.dart:5902:60)
#7      StatefulWidget.createElement (package:flutter/src/widgets/framework.dart:779:38)
...     Normal element mounting (260 frames)
#267    Element.inflateWidget (package:flutter/src/widgets/framework.dart:4587:20)
#268    MultiChildRenderObjectElement.inflateWidget (package:flutter/src/widgets/framework.dart:7264:36)
#269    MultiChildRenderObjectElement.mount (package:flutter/src/widgets/framework.dart:7279:32)
...     Normal element mounting (467 frames)
#736    Element.inflateWidget (package:flutter/src/widgets/framework.dart:4587:20)
#737    Element.updateChild (package:flutter/src/widgets/framework.dart:4053:20)
#738    ComponentElement.performRebuild (package:flutter/src/widgets/framework.dart:5841:16)
#739    Element.rebuild (package:flutter/src/widgets/framework.dart:5529:7)
#740    ProxyElement.update (package:flutter/src/widgets/framework.dart:6149:5)
#741    _InheritedNotifierElement.update (package:flutter/src/widgets/inherited_notifier.dart:108:11)
#742    Element.updateChild (package:flutter/src/widgets/framework.dart:4037:15)
#743    ComponentElement.performRebuild (package:flutter/src/widgets/framework.dart:5841:16)
#744    StatefulElement.performRebuild (package:flutter/src/widgets/framework.dart:5982:11)
#745    Element.rebuild (package:flutter/src/widgets/framework.dart:5529:7)
#746    StatefulElement.update (package:flutter/src/widgets/framework.dart:6007:5)
#747    Element.updateChild (package:flutter/src/widgets/framework.dart:4037:15)
#748    ComponentElement.performRebuild (package:flutter/src/widgets/framework.dart:5841:16)
#749    Element.rebuild (package:flutter/src/widgets/framework.dart:5529:7)
#750    ProxyElement.update (package:flutter/src/widgets/framework.dart:6149:5)
#751    _InheritedNotifierElement.update (package:flutter/src/widgets/inherited_notifier.dart:108:11)
#752    Element.updateChild (package:flutter/src/widgets/framework.dart:4037:15)
#753    ComponentElement.performRebuild (package:flutter/src/widgets/framework.dart:5841:16)
#754    StatefulElement.performRebuild (package:flutter/src/widgets/framework.dart:5982:11)
#755    Element.rebuild (package:flutter/src/widgets/framework.dart:5529:7)
#756    StatefulElement.update (package:flutter/src/widgets/framework.dart:6007:5)
#757    Element.updateChild (package:flutter/src/widgets/framework.dart:4037:15)
#758    ComponentElement.performRebuild (package:flutter/src/widgets/framework.dart:5841:16)
#759    StatefulElement.performRebuild (package:flutter/src/widgets/framework.dart:5982:11)
#760    Element.rebuild (package:flutter/src/widgets/framework.dart:5529:7)
#761    StatefulElement.update (package:flutter/src/widgets/framework.dart:6007:5)
#762    Element.updateChild (package:flutter/src/widgets/framework.dart:4037:15)
#763    ComponentElement.performRebuild (package:flutter/src/widgets/framework.dart:5841:16)
#764    Element.rebuild (package:flutter/src/widgets/framework.dart:5529:7)
#765    ProxyElement.update (package:flutter/src/widgets/framework.dart:6149:5)
#766    Element.updateChild (package:flutter/src/widgets/framework.dart:4037:15)
#767    ComponentElement.performRebuild (package:flutter/src/widgets/framework.dart:5841:16)
#768    StatefulElement.performRebuild (package:flutter/src/widgets/framework.dart:5982:11)
#769    Element.rebuild (package:flutter/src/widgets/framework.dart:5529:7)
#770    StatefulElement.update (package:flutter/src/widgets/framework.dart:6007:5)
#771    Element.updateChild (package:flutter/src/widgets/framework.dart:4037:15)
#772    ComponentElement.performRebuild (package:flutter/src/widgets/framework.dart:5841:16)
#773    Element.rebuild (package:flutter/src/widgets/framework.dart:5529:7)
#774    ProxyElement.update (package:flutter/src/widgets/framework.dart:6149:5)
#775    Element.updateChild (package:flutter/src/widgets/framework.dart:4037:15)
#776    ComponentElement.performRebuild (package:flutter/src/widgets/framework.dart:5841:16)
#777    Element.rebuild (package:flutter/src/widgets/framework.dart:5529:7)
#778    ProxyElement.update (package:flutter/src/widgets/framework.dart:6149:5)
#779    Element.updateChild (package:flutter/src/widgets/framework.dart:4037:15)
#780    _RawViewElement._updateChild (package:flutter/src/widgets/view.dart:481:16)
#781    _RawViewElement.update (package:flutter/src/widgets/view.dart:568:5)
#782    Element.updateChild (package:flutter/src/widgets/framework.dart:4037:15)
#783    ComponentElement.performRebuild (package:flutter/src/widgets/framework.dart:5841:16)
#784    Element.rebuild (package:flutter/src/widgets/framework.dart:5529:7)
#785    StatelessElement.update (package:flutter/src/widgets/framework.dart:5895:5)
#786    Element.updateChild (package:flutter/src/widgets/framework.dart:4037:15)
#787    ComponentElement.performRebuild (package:flutter/src/widgets/framework.dart:5841:16)
#788    StatefulElement.performRebuild (package:flutter/src/widgets/framework.dart:5982:11)
#789    Element.rebuild (package:flutter/src/widgets/framework.dart:5529:7)
#790    StatefulElement.update (package:flutter/src/widgets/framework.dart:6007:5)
#791    Element.updateChild (package:flutter/src/widgets/framework.dart:4037:15)
#792    RootElement._rebuild (package:flutter/src/widgets/binding.dart:1822:16)
#793    RootElement.update (package:flutter/src/widgets/binding.dart:1800:5)
#794    RootElement.performRebuild (package:flutter/src/widgets/binding.dart:1814:7)
#795    Element.rebuild (package:flutter/src/widgets/framework.dart:5529:7)
#796    BuildScope._tryRebuild (package:flutter/src/widgets/framework.dart:2750:15)
#797    BuildScope._flushDirtyElements (package:flutter/src/widgets/framework.dart:2807:11)
#798    BuildOwner.buildScope (package:flutter/src/widgets/framework.dart:3111:18)
#799    AutomatedTestWidgetsFlutterBinding.drawFrame (package:flutter_test/src/binding.dart:2131:19)
#800    RendererBinding._handlePersistentFrameCallback (package:flutter/src/rendering/binding.dart:495:5)
#801    SchedulerBinding._invokeFrameCallback (package:flutter/src/scheduler/binding.dart:1430:15)
#802    SchedulerBinding.handleDrawFrame (package:flutter/src/scheduler/binding.dart:1345:9)
#803    AutomatedTestWidgetsFlutterBinding.pump.<anonymous closure> (package:flutter_test/src/binding.dart:1960:9)
#806    TestAsyncUtils.guard (package:flutter_test/src/test_async_utils.dart:74:41)
#807    AutomatedTestWidgetsFlutterBinding.pump (package:flutter_test/src/binding.dart:1949:27)
#808    WidgetTester.pumpWidget.<anonymous closure> (package:flutter_test/src/widget_tester.dart:598:22)
#811    TestAsyncUtils.guard (package:flutter_test/src/test_async_utils.dart:74:41)
#812    WidgetTester.pumpWidget (package:flutter_test/src/widget_tester.dart:595:27)
#813    main.<anonymous closure> (file:///C:/Users/s2230/.gemini/antigravity/scratch/ai-pet-communication/test/screens/pets/pet_detail_screen_test.dart:51:18)
<asynchronous suspension>
#814    testWidgets.<anonymous closure>.<anonymous closure> (package:flutter_test/src/widget_tester.dart:192:15)
<asynchronous suspension>
#815    TestWidgetsFlutterBinding._runTestBody (package:flutter_test/src/binding.dart:1682:5)
<asynchronous suspension>
<asynchronous suspension>
(elided 5 frames from dart:async and package:stack_trace)

????????????????????????????????????????????????????????????????????????????????????????????????????
????EXCEPTION CAUGHT BY FLUTTER TEST FRAMEWORK ??????????????????????????????????????????????????????The following TestFailure was thrown running a test:
Expected: exactly one matching candidate
  Actual: _TypeWidgetFinder:<Found 0 widgets with type "ReadingListTile": []>
   Which: means none were found but one was expected

When the exception was thrown, this was the stack:
#4      main.<anonymous closure> (file:///C:/Users/s2230/.gemini/antigravity/scratch/ai-pet-communication/test/screens/pets/pet_detail_screen_test.dart:54:5)
<asynchronous suspension>
#5      testWidgets.<anonymous closure>.<anonymous closure> (package:flutter_test/src/widget_tester.dart:192:15)
<asynchronous suspension>
#6      TestWidgetsFlutterBinding._runTestBody (package:flutter_test/src/binding.dart:1682:5)
<asynchronous suspension>
<asynchronous suspension>
(elided one frame from package:stack_trace)

This was caught by the test expectation on the following line:
  file:///C:/Users/s2230/.gemini/antigravity/scratch/ai-pet-communication/test/screens/pets/pet_detail_screen_test.dart line 54
The test description was:
  Displays ReadingListTile when readings exist
????????????????????????????????????????????????????????????????????????????????????????????????????
????EXCEPTION CAUGHT BY FLUTTER TEST FRAMEWORK ??????????????????????????????????????????????????????The following message was thrown:
Multiple exceptions (2) were detected during the running of the current test, and at least one was
unexpected.
????????????????????????????????????????????????????????????????????????????????????????????????????
00:00 +0 -2: Displays ReadingListTile when readings exist [E]
  Test failed. See exception logs above.
  The test description was: Displays ReadingListTile when readings exist
  
00:00 +0 -2: Opens Bottom Sheet when ReadingListTile is tapped
????EXCEPTION CAUGHT BY WIDGETS LIBRARY ????????????????????????????????????????????????????????????
The following FirebaseException was thrown building Builder:
[core/no-app] No Firebase App '[DEFAULT]' has been created - call Firebase.initializeApp()

The relevant error-causing widget was:
  MaterialApp
  MaterialApp:file:///C:/Users/s2230/.gemini/antigravity/scratch/ai-pet-communication/test/screens/pets/pet_detail_screen_test.dart:16:12

When the exception was thrown, this was the stack:
#0      MethodChannelFirebase.app (package:firebase_core_platform_interface/src/method_channel/method_channel_firebase.dart:190:5)
#1      Firebase.app (package:firebase_core/src/firebase.dart:92:41)
#2      FirebaseFirestore.instance (package:cloud_firestore/src/firestore.dart:29:21)
#3      new PetService (package:ai_pet_communication/services/pet_service.dart:7:51)
#4      new _PetDetailScreenState (package:ai_pet_communication/screens/pets/pet_detail_screen.dart:29:34)
#5      PetDetailScreen.createState (package:ai_pet_communication/screens/pets/pet_detail_screen.dart:24:43)
#6      new StatefulElement (package:flutter/src/widgets/framework.dart:5902:60)
#7      StatefulWidget.createElement (package:flutter/src/widgets/framework.dart:779:38)
...     Normal element mounting (260 frames)
#267    Element.inflateWidget (package:flutter/src/widgets/framework.dart:4587:20)
#268    MultiChildRenderObjectElement.inflateWidget (package:flutter/src/widgets/framework.dart:7264:36)
#269    MultiChildRenderObjectElement.mount (package:flutter/src/widgets/framework.dart:7279:32)
...     Normal element mounting (467 frames)
#736    Element.inflateWidget (package:flutter/src/widgets/framework.dart:4587:20)
#737    Element.updateChild (package:flutter/src/widgets/framework.dart:4053:20)
#738    ComponentElement.performRebuild (package:flutter/src/widgets/framework.dart:5841:16)
#739    Element.rebuild (package:flutter/src/widgets/framework.dart:5529:7)
#740    ProxyElement.update (package:flutter/src/widgets/framework.dart:6149:5)
#741    _InheritedNotifierElement.update (package:flutter/src/widgets/inherited_notifier.dart:108:11)
#742    Element.updateChild (package:flutter/src/widgets/framework.dart:4037:15)
#743    ComponentElement.performRebuild (package:flutter/src/widgets/framework.dart:5841:16)
#744    StatefulElement.performRebuild (package:flutter/src/widgets/framework.dart:5982:11)
#745    Element.rebuild (package:flutter/src/widgets/framework.dart:5529:7)
#746    StatefulElement.update (package:flutter/src/widgets/framework.dart:6007:5)
#747    Element.updateChild (package:flutter/src/widgets/framework.dart:4037:15)
#748    ComponentElement.performRebuild (package:flutter/src/widgets/framework.dart:5841:16)
#749    Element.rebuild (package:flutter/src/widgets/framework.dart:5529:7)
#750    ProxyElement.update (package:flutter/src/widgets/framework.dart:6149:5)
#751    _InheritedNotifierElement.update (package:flutter/src/widgets/inherited_notifier.dart:108:11)
#752    Element.updateChild (package:flutter/src/widgets/framework.dart:4037:15)
#753    ComponentElement.performRebuild (package:flutter/src/widgets/framework.dart:5841:16)
#754    StatefulElement.performRebuild (package:flutter/src/widgets/framework.dart:5982:11)
#755    Element.rebuild (package:flutter/src/widgets/framework.dart:5529:7)
#756    StatefulElement.update (package:flutter/src/widgets/framework.dart:6007:5)
#757    Element.updateChild (package:flutter/src/widgets/framework.dart:4037:15)
#758    ComponentElement.performRebuild (package:flutter/src/widgets/framework.dart:5841:16)
#759    StatefulElement.performRebuild (package:flutter/src/widgets/framework.dart:5982:11)
#760    Element.rebuild (package:flutter/src/widgets/framework.dart:5529:7)
#761    StatefulElement.update (package:flutter/src/widgets/framework.dart:6007:5)
#762    Element.updateChild (package:flutter/src/widgets/framework.dart:4037:15)
#763    ComponentElement.performRebuild (package:flutter/src/widgets/framework.dart:5841:16)
#764    Element.rebuild (package:flutter/src/widgets/framework.dart:5529:7)
#765    ProxyElement.update (package:flutter/src/widgets/framework.dart:6149:5)
#766    Element.updateChild (package:flutter/src/widgets/framework.dart:4037:15)
#767    ComponentElement.performRebuild (package:flutter/src/widgets/framework.dart:5841:16)
#768    StatefulElement.performRebuild (package:flutter/src/widgets/framework.dart:5982:11)
#769    Element.rebuild (package:flutter/src/widgets/framework.dart:5529:7)
#770    StatefulElement.update (package:flutter/src/widgets/framework.dart:6007:5)
#771    Element.updateChild (package:flutter/src/widgets/framework.dart:4037:15)
#772    ComponentElement.performRebuild (package:flutter/src/widgets/framework.dart:5841:16)
#773    Element.rebuild (package:flutter/src/widgets/framework.dart:5529:7)
#774    ProxyElement.update (package:flutter/src/widgets/framework.dart:6149:5)
#775    Element.updateChild (package:flutter/src/widgets/framework.dart:4037:15)
#776    ComponentElement.performRebuild (package:flutter/src/widgets/framework.dart:5841:16)
#777    Element.rebuild (package:flutter/src/widgets/framework.dart:5529:7)
#778    ProxyElement.update (package:flutter/src/widgets/framework.dart:6149:5)
#779    Element.updateChild (package:flutter/src/widgets/framework.dart:4037:15)
#780    _RawViewElement._updateChild (package:flutter/src/widgets/view.dart:481:16)
#781    _RawViewElement.update (package:flutter/src/widgets/view.dart:568:5)
#782    Element.updateChild (package:flutter/src/widgets/framework.dart:4037:15)
#783    ComponentElement.performRebuild (package:flutter/src/widgets/framework.dart:5841:16)
#784    Element.rebuild (package:flutter/src/widgets/framework.dart:5529:7)
#785    StatelessElement.update (package:flutter/src/widgets/framework.dart:5895:5)
#786    Element.updateChild (package:flutter/src/widgets/framework.dart:4037:15)
#787    ComponentElement.performRebuild (package:flutter/src/widgets/framework.dart:5841:16)
#788    StatefulElement.performRebuild (package:flutter/src/widgets/framework.dart:5982:11)
#789    Element.rebuild (package:flutter/src/widgets/framework.dart:5529:7)
#790    StatefulElement.update (package:flutter/src/widgets/framework.dart:6007:5)
#791    Element.updateChild (package:flutter/src/widgets/framework.dart:4037:15)
#792    RootElement._rebuild (package:flutter/src/widgets/binding.dart:1822:16)
#793    RootElement.update (package:flutter/src/widgets/binding.dart:1800:5)
#794    RootElement.performRebuild (package:flutter/src/widgets/binding.dart:1814:7)
#795    Element.rebuild (package:flutter/src/widgets/framework.dart:5529:7)
#796    BuildScope._tryRebuild (package:flutter/src/widgets/framework.dart:2750:15)
#797    BuildScope._flushDirtyElements (package:flutter/src/widgets/framework.dart:2807:11)
#798    BuildOwner.buildScope (package:flutter/src/widgets/framework.dart:3111:18)
#799    AutomatedTestWidgetsFlutterBinding.drawFrame (package:flutter_test/src/binding.dart:2131:19)
#800    RendererBinding._handlePersistentFrameCallback (package:flutter/src/rendering/binding.dart:495:5)
#801    SchedulerBinding._invokeFrameCallback (package:flutter/src/scheduler/binding.dart:1430:15)
#802    SchedulerBinding.handleDrawFrame (package:flutter/src/scheduler/binding.dart:1345:9)
#803    AutomatedTestWidgetsFlutterBinding.pump.<anonymous closure> (package:flutter_test/src/binding.dart:1960:9)
#806    TestAsyncUtils.guard (package:flutter_test/src/test_async_utils.dart:74:41)
#807    AutomatedTestWidgetsFlutterBinding.pump (package:flutter_test/src/binding.dart:1949:27)
#808    WidgetTester.pumpWidget.<anonymous closure> (package:flutter_test/src/widget_tester.dart:598:22)
#811    TestAsyncUtils.guard (package:flutter_test/src/test_async_utils.dart:74:41)
#812    WidgetTester.pumpWidget (package:flutter_test/src/widget_tester.dart:595:27)
#813    main.<anonymous closure> (file:///C:/Users/s2230/.gemini/antigravity/scratch/ai-pet-communication/test/screens/pets/pet_detail_screen_test.dart:67:18)
<asynchronous suspension>
#814    testWidgets.<anonymous closure>.<anonymous closure> (package:flutter_test/src/widget_tester.dart:192:15)
<asynchronous suspension>
#815    TestWidgetsFlutterBinding._runTestBody (package:flutter_test/src/binding.dart:1682:5)
<asynchronous suspension>
<asynchronous suspension>
(elided 5 frames from dart:async and package:stack_trace)

????????????????????????????????????????????????????????????????????????????????????????????????????
????EXCEPTION CAUGHT BY FLUTTER TEST FRAMEWORK ??????????????????????????????????????????????????????The following assertion was thrown running a test:
The finder "Found 0 widgets with type "ReadingListTile": []" (used in a call to "tap()") could not
find any matching widgets.

When the exception was thrown, this was the stack:
#0      WidgetController._getElementPoint (package:flutter_test/src/controller.dart:2090:7)
#1      WidgetController.getCenter (package:flutter_test/src/controller.dart:1942:12)
#2      WidgetController.tap (package:flutter_test/src/controller.dart:1075:7)
#3      main.<anonymous closure> (file:///C:/Users/s2230/.gemini/antigravity/scratch/ai-pet-communication/test/screens/pets/pet_detail_screen_test.dart:70:18)
<asynchronous suspension>
#4      testWidgets.<anonymous closure>.<anonymous closure> (package:flutter_test/src/widget_tester.dart:192:15)
<asynchronous suspension>
#5      TestWidgetsFlutterBinding._runTestBody (package:flutter_test/src/binding.dart:1682:5)
<asynchronous suspension>
<asynchronous suspension>
(elided one frame from package:stack_trace)

The test description was:
  Opens Bottom Sheet when ReadingListTile is tapped
????????????????????????????????????????????????????????????????????????????????????????????????????
????EXCEPTION CAUGHT BY FLUTTER TEST FRAMEWORK ??????????????????????????????????????????????????????The following message was thrown:
Multiple exceptions (2) were detected during the running of the current test, and at least one was
unexpected.
????????????????????????????????????????????????????????????????????????????????????????????????????
00:00 +0 -3: Opens Bottom Sheet when ReadingListTile is tapped [E]
  Test failed. See exception logs above.
  The test description was: Opens Bottom Sheet when ReadingListTile is tapped
  
00:00 +0 -3: Some tests failed.
